---
source: crates/octl-core/tests/reducer_snapshots.rs
expression: v
---
{
  "agent_pid": null,
  "agent_pid_start_time": null,
  "base_sha": null,
  "branch": null,
  "children": [],
  "kind": "spinoff",
  "last_processed_report_seq_by_child": {},
  "last_report": {
    "discussion_items": [],
    "spinoff_proposals": [
      {
        "proposed_kind": "spinoff",
        "proposed_title": "drop legacy cookie path",
        "rationale": "would tidy the auth surface"
      }
    ],
    "success": true,
    "summary": "Root cause: stale cookie. Fixed.",
    "wrap_up_recommendations": []
  },
  "node_id": "n-0001",
  "parent_node_id": null,
  "pending_merge": null,
  "retry_attempts": 0,
  "run_id": "01jxsnap000000000000000000",
  "schema_version": 1,
  "started_at": "<ts>",
  "status": "done",
  "supervisor_pid": null,
  "task": "investigate /login redirect",
  "tmux_identity": null,
  "tmux_window": null,
  "updated_at": "<ts>",
  "worker_exit": null,
  "worktree_path": null
}
