---
source: crates/octl-core/tests/reducer_snapshots.rs
expression: manifest_v
---
{
  "created_at": "<ts>",
  "kind": "spinoff",
  "lifecycle": "autonomous",
  "node_count": 1,
  "open_discussions": 0,
  "parent_node_id": null,
  "parent_run_id": null,
  "pending_spinoffs": 0,
  "run_id": "01jxfixture00000000000000000",
  "schema_version": 1,
  "source_branch": null,
  "source_repo": null,
  "status": "running",
  "title": "investigate redirect loop",
  "updated_at": "<ts>",
  "worktree_root": null
}
