---
source: crates/octl-core/tests/reducer_snapshots.rs
expression: v
---
{
  "agent_pid": null,
  "agent_pid_start_time": null,
  "base_sha": null,
  "branch": null,
  "children": [
    {
      "node_id": "n-0001",
      "run_id": "01jxchd0000000000000000000"
    },
    {
      "node_id": "n-0001",
      "run_id": "01jxche0000000000000000000"
    }
  ],
  "kind": "fan-out",
  "last_processed_report_seq_by_child": {},
  "last_report": null,
  "node_id": "n-0001",
  "parent_node_id": null,
  "retry_attempts": 0,
  "run_id": "01jxsnap000000000000000000",
  "schema_version": 1,
  "started_at": "<ts>",
  "status": "pending",
  "supervisor_pid": null,
  "task": "drive epic foo",
  "tmux_identity": null,
  "tmux_window": null,
  "updated_at": "<ts>",
  "worker_exit": null,
  "worktree_path": null
}
