---
source: crates/taskfleet/tests/envelope_snapshots.rs
assertion_line: 234
expression: value
---
{
  "schema_version": 1,
  "data": {
    "run_id": "[RUN_ID]",
    "dir": "[HOME]/runs/[RUN_ID]",
    "supervisor": "recorded-on-prior-run",
    "kind": "spinoff",
    "lifecycle": "autonomous",
    "idempotent_replay": true,
    "selection": {
      "schema_version": 1,
      "profile": "builtin",
      "selection_source": "builtin-harness",
      "interaction": "autonomous",
      "capability": "capable",
      "residency": "local",
      "requested_harness": "pi",
      "selected": {
        "candidate_index": 0,
        "harness": "pi",
        "command": [
          "pi"
        ],
        "telemetry": "worker-v1"
      },
      "fallback": []
    }
  },
  "warnings": []
}
