---
source: crates/octl-cli/tests/envelope_snapshots.rs
expression: value
---
orchestratectl 0.5.1
commit:                  [COMMIT]
envelope schema:         1
supported envelopes:     1
config schemas:          2
help schemas:            3
skill schemas:           1
state schema version:    1
supported state schemas: 1
