---
source: crates/octl-cli/tests/envelope_snapshots.rs
expression: value
---
{"ts":"[TS]","seq":1,"kind":"run.created","run_id":"[RUN_ID]","data":{"kind":"spinoff","lifecycle":"autonomous","title":"seed-run"}}
{"ts":"[TS]","seq":2,"kind":"node.created","run_id":"[RUN_ID]","node_id":"n-0001","data":{"agent_pid":4242,"branch":"wt/seed","kind":"spinoff","tmux_window":"seed-win","worktree_path":"/tmp/seed-wt"}}
{"ts":"[TS]","seq":3,"kind":"node.created","run_id":"[RUN_ID]","node_id":"n-1000","data":{"kind":"spinoff"}}
{"ts":"[TS]","seq":4,"kind":"node.created","run_id":"[RUN_ID]","node_id":"n-1001","data":{"kind":"spinoff"}}
{"ts":"[TS]","seq":5,"kind":"node.created","run_id":"[RUN_ID]","node_id":"n-1002","data":{"kind":"spinoff"}}
{"schema_version":1,"event":"result","status":"ok","last_seq":5}
