---
source: crates/octl-cli/tests/envelope_snapshots.rs
assertion_line: 233
expression: value
---
{
  "schema_version": 1,
  "data": {
    "run_id": "[RUN_ID]",
    "kind": "spinoff",
    "status": "pending",
    "title": "seed-run",
    "created_at": "[TS]",
    "harness": "claude",
    "node_count": 1,
    "supervisor": {
      "pid": null,
      "state": "not-recorded",
      "alive": false
    },
    "stalled": false,
    "stillborn": false,
    "manifest": {
      "schema_version": 1,
      "run_id": "[RUN_ID]",
      "kind": "spinoff",
      "lifecycle": "autonomous",
      "title": "seed-run",
      "status": "pending",
      "created_at": "[TS]",
      "updated_at": "[TS]",
      "source_repo": null,
      "source_branch": null,
      "worktree_root": null,
      "harness": "claude",
      "node_count": 1,
      "open_discussions": 0,
      "pending_spinoffs": 0,
      "parent_run_id": null,
      "parent_node_id": null
    },
    "counts": {
      "nodes": 1,
      "discussions": 0,
      "spinoffs": 0
    },
    "landed": false,
    "landed_method": "unverified"
  },
  "warnings": []
}
