---
source: crates/octl-cli/tests/envelope_snapshots.rs
expression: value
---
run-id:        [RUN_ID]
title:         seed-run
status:        pending
landed:        false (unverified)
kind:          spinoff
lifecycle:     autonomous
created_at:    [TS]
updated_at:    [TS]
nodes:         1
supervisor:    (none recorded)
