---
source: crates/octl-cli/tests/envelope_snapshots.rs
assertion_line: 233
expression: value
---
{
  "schema_version": 1,
  "data": {
    "schema_version": 1,
    "discussion_id": "d-pqrstuvwxy",
    "run_id": "[RUN_ID]",
    "node_id": "n-0001",
    "opened_at": "[TS]",
    "severity": "discuss",
    "topic": "seed topic",
    "context": null,
    "options": [],
    "status": "open",
    "resolution": null,
    "note": null,
    "resolved_at": null
  },
  "warnings": []
}
