++ mktemp -d /tmp/r10-cargo-install.XXXXXX
+ root=/tmp/r10-cargo-install.quw2N8
+ trap 'rm -rf "$root"' EXIT
+ CARGO_TARGET_DIR=/tmp/r10-cargo-install-target
+ cargo install --locked --path crates/taskfleet --root /tmp/r10-cargo-install.quw2N8/taskfleet
  Installing taskfleet v0.5.1 (/private/tmp/taskfleet-r10-candidate/crates/taskfleet)
    Updating crates.io index
   Compiling proc-macro2 v1.0.106
   Compiling quote v1.0.46
   Compiling unicode-ident v1.0.24
   Compiling libc v0.2.186
   Compiling cfg-if v1.0.4
   Compiling serde_core v1.0.228
   Compiling serde v1.0.228
   Compiling once_cell v1.21.4
   Compiling version_check v0.9.5
   Compiling getrandom v0.3.4
   Compiling bitflags v2.13.0
   Compiling zerocopy v0.8.52
   Compiling syn v2.0.118
   Compiling generic-array v0.14.7
   Compiling tracing-core v0.1.36
   Compiling zmij v1.0.21
   Compiling typenum v1.20.1
   Compiling rustix v1.1.4
   Compiling objc2 v0.6.4
   Compiling memchr v2.8.2
   Compiling serde_json v1.0.150
   Compiling itoa v1.0.18
   Compiling autocfg v1.5.1
   Compiling num-traits v0.2.19
   Compiling rand_core v0.9.5
   Compiling serde_derive v1.0.228
   Compiling tracing-attributes v0.1.31
   Compiling errno v0.3.14
   Compiling core-foundation-sys v0.8.7
   Compiling pin-project-lite v0.2.17
   Compiling regex-syntax v0.8.11
   Compiling objc2-encode v4.1.0
   Compiling thiserror v2.0.18
   Compiling crossbeam-utils v0.8.21
   Compiling cfg_aliases v0.2.1
   Compiling utf8parse v0.2.2
   Compiling ppv-lite86 v0.2.21
   Compiling anstyle-parse v1.0.0
   Compiling rand_chacha v0.9.0
   Compiling nix v0.31.3
   Compiling tracing v0.1.44
   Compiling regex-automata v0.4.14
   Compiling thiserror-impl v2.0.18
   Compiling powerfmt v0.2.0
   Compiling getrandom v0.4.3
   Compiling lazy_static v1.5.0
   Compiling colorchoice v1.0.5
   Compiling anstyle-query v1.1.5
   Compiling hashbrown v0.17.1
   Compiling anstyle v1.0.14
   Compiling equivalent v1.0.2
   Compiling log v0.4.33
   Compiling is_terminal_polyfill v1.70.2
   Compiling tracing-log v0.2.0
   Compiling anstream v1.0.0
   Compiling indexmap v2.14.0
   Compiling deranged v0.4.0
   Compiling sharded-slab v0.1.7
   Compiling block2 v0.6.2
   Compiling rand v0.9.4
   Compiling tracing-serde v0.2.0
   Compiling serde_spanned v0.6.9
   Compiling toml_datetime v0.6.11
   Compiling iana-time-zone v0.1.65
   Compiling block-buffer v0.10.4
   Compiling crypto-common v0.1.7
   Compiling thread_local v1.1.9
   Compiling time-core v0.1.4
   Compiling winnow v0.7.15
   Compiling strsim v0.11.1
   Compiling num-conv v0.1.0
   Compiling clap_lex v1.1.0
   Compiling nu-ansi-term v0.50.3
   Compiling smallvec v1.15.2
   Compiling heck v0.5.0
   Compiling clap_builder v4.6.0
   Compiling clap_derive v4.6.1
   Compiling matchers v0.2.0
   Compiling toml_edit v0.22.27
   Compiling tracing-subscriber v0.3.23
   Compiling time v0.3.41
   Compiling crossbeam-channel v0.5.15
   Compiling digest v0.10.7
   Compiling chrono v0.4.45
   Compiling ulid v1.2.1
   Compiling dispatch2 v0.3.1
   Compiling fs4 v1.1.0
   Compiling cpufeatures v0.2.17
   Compiling taskfleet v0.5.1 (/private/tmp/taskfleet-r10-candidate/crates/taskfleet)
   Compiling fastrand v2.4.1
   Compiling symlink v0.1.0
   Compiling tracing-appender v0.2.5
   Compiling tempfile v3.27.0
   Compiling sha2 v0.10.9
   Compiling toml v0.8.23
   Compiling taskfleet-core v0.5.1 (/private/tmp/taskfleet-r10-candidate/crates/taskfleet-core)
   Compiling clap v4.6.1
   Compiling ctrlc v3.5.2
   Compiling sysinfo v0.32.1
   Compiling semver v1.0.28
   Compiling humantime v2.3.0
    Finished `release` profile [optimized] target(s) in 10m 02s
  Installing /tmp/r10-cargo-install.quw2N8/taskfleet/bin/taskfleet
   Installed package `taskfleet v0.5.1 (/private/tmp/taskfleet-r10-candidate/crates/taskfleet)` (executable `taskfleet`)
warning: be sure to add `/tmp/r10-cargo-install.quw2N8/taskfleet/bin` to your PATH to be able to run the installed binaries
+ /tmp/r10-cargo-install.quw2N8/taskfleet/bin/taskfleet version --json
warning: adopting populated legacy home /Users/jari/.orchestratectl in place; migrate explicitly before removing compatibility
{
  "schema_version": 1,
  "data": {
    "version": "0.5.1",
    "commit": "23f7fcf6d9de969300dce560538ce1f3a11f2a2a",
    "skills": [
      {
        "name": "taskfleet-overview",
        "cli_version": "0.5.1",
        "schema_version": 1
      },
      {
        "name": "taskfleet-run-overview",
        "cli_version": "0.5.1",
        "schema_version": 1
      },
      {
        "name": "taskfleet-spawn-spinoff",
        "cli_version": "0.5.1",
        "schema_version": 1
      },
      {
        "name": "worktree-spinoff",
        "cli_version": "0.5.1",
        "schema_version": 1
      },
      {
        "name": "worktree-merge",
        "cli_version": "0.5.1",
        "schema_version": 1
      },
      {
        "name": "worktree-research",
        "cli_version": "0.5.1",
        "schema_version": 1
      },
      {
        "name": "worktree-technical-decision",
        "cli_version": "0.5.1",
        "schema_version": 1
      },
      {
        "name": "worktree-bug-analysis",
        "cli_version": "0.5.1",
        "schema_version": 1
      },
      {
        "name": "worktree",
        "cli_version": "0.5.1",
        "schema_version": 1
      },
      {
        "name": "worktree-status",
        "cli_version": "0.5.1",
        "schema_version": 1
      },
      {
        "name": "stint-start",
        "cli_version": "0.5.1",
        "schema_version": 1
      },
      {
        "name": "stint-handoff",
        "cli_version": "0.5.1",
        "schema_version": 1
      },
      {
        "name": "fan-out",
        "cli_version": "0.5.1",
        "schema_version": 1
      }
    ],
    "schema_version": 1,
    "supported_schemas": [
      1
    ],
    "supported_schemas_by_name": {
      "envelope": [
        1
      ],
      "state": [
        1
      ],
      "config": [
        2
      ],
      "help": [
        3
      ],
      "skill": [
        1
      ]
    },
    "state_schema_version": 1,
    "supported_state_schemas": [
      1
    ]
  },
  "warnings": []
}
+ CARGO_TARGET_DIR=/tmp/r10-cargo-install-target
+ cargo install --locked --path compat/orchestratectl --root /tmp/r10-cargo-install.quw2N8/orchestratectl
  Installing orchestratectl v0.5.1 (/private/tmp/taskfleet-r10-candidate/compat/orchestratectl)
    Updating crates.io index
   Compiling orchestratectl v0.5.1 (/private/tmp/taskfleet-r10-candidate/compat/orchestratectl)
    Finished `release` profile [optimized] target(s) in 1m 06s
  Installing /tmp/r10-cargo-install.quw2N8/orchestratectl/bin/orchestratectl
   Installed package `orchestratectl v0.5.1 (/private/tmp/taskfleet-r10-candidate/compat/orchestratectl)` (executable `orchestratectl`)
warning: be sure to add `/tmp/r10-cargo-install.quw2N8/orchestratectl/bin` to your PATH to be able to run the installed binaries
+ /tmp/r10-cargo-install.quw2N8/orchestratectl/bin/orchestratectl version --json
warning: `orchestratectl` is deprecated; use the canonical `taskfleet` command (the compatibility package is supported only through Taskfleet 0.7.x)
warning: adopting populated legacy home /Users/jari/.orchestratectl in place; migrate explicitly before removing compatibility
{
  "schema_version": 1,
  "data": {
    "version": "0.5.1",
    "commit": "23f7fcf6d9de969300dce560538ce1f3a11f2a2a",
    "skills": [
      {
        "name": "taskfleet-overview",
        "cli_version": "0.5.1",
        "schema_version": 1
      },
      {
        "name": "taskfleet-run-overview",
        "cli_version": "0.5.1",
        "schema_version": 1
      },
      {
        "name": "taskfleet-spawn-spinoff",
        "cli_version": "0.5.1",
        "schema_version": 1
      },
      {
        "name": "worktree-spinoff",
        "cli_version": "0.5.1",
        "schema_version": 1
      },
      {
        "name": "worktree-merge",
        "cli_version": "0.5.1",
        "schema_version": 1
      },
      {
        "name": "worktree-research",
        "cli_version": "0.5.1",
        "schema_version": 1
      },
      {
        "name": "worktree-technical-decision",
        "cli_version": "0.5.1",
        "schema_version": 1
      },
      {
        "name": "worktree-bug-analysis",
        "cli_version": "0.5.1",
        "schema_version": 1
      },
      {
        "name": "worktree",
        "cli_version": "0.5.1",
        "schema_version": 1
      },
      {
        "name": "worktree-status",
        "cli_version": "0.5.1",
        "schema_version": 1
      },
      {
        "name": "stint-start",
        "cli_version": "0.5.1",
        "schema_version": 1
      },
      {
        "name": "stint-handoff",
        "cli_version": "0.5.1",
        "schema_version": 1
      },
      {
        "name": "fan-out",
        "cli_version": "0.5.1",
        "schema_version": 1
      }
    ],
    "schema_version": 1,
    "supported_schemas": [
      1
    ],
    "supported_schemas_by_name": {
      "envelope": [
        1
      ],
      "state": [
        1
      ],
      "config": [
        2
      ],
      "help": [
        3
      ],
      "skill": [
        1
      ]
    },
    "state_schema_version": 1,
    "supported_state_schemas": [
      1
    ]
  },
  "warnings": []
}
+ test '!' -e /tmp/r10-cargo-install.quw2N8/taskfleet/bin/orchestratectl
+ test '!' -e /tmp/r10-cargo-install.quw2N8/orchestratectl/bin/taskfleet
