>>> scripts/test-release-authorization.sh
release authorization denied: unexpected repository
release authorization denied: repository identity mismatch
release authorization denied: event ref and tag name disagree
release authorization denied: event ref is not a tag
release authorization denied: tag does not match workspace version
release authorization denied: tag does not match workspace version
release authorization denied: release activation verification failed
release authorization denied: live GitHub policy verification failed
release authorization denied: authorization ref is absent
release authorization denied: authorization ref does not identify this release commit
Taskfleet structural release authorization fixtures passed
>>> scripts/test-shipshape-release.sh
release authorization denied: unexpected repository
release authorization denied: repository identity mismatch
release authorization denied: event ref and tag name disagree
release authorization denied: event ref is not a tag
release authorization denied: tag does not match workspace version
release authorization denied: tag does not match workspace version
release authorization denied: release activation verification failed
release authorization denied: live GitHub policy verification failed
release authorization denied: authorization ref is absent
release authorization denied: authorization ref does not identify this release commit
release wrapper held-tag journal tests passed
release wrapper tests passed
>>> scripts/test-shipshape-release-held-tag.sh
release wrapper held-tag journal tests passed
>>> scripts/test-publish-crates.sh
crates.io reconciliation tests passed
>>> scripts/test-shipshape-bump-hook.sh
shipshape bump hook tests passed
>>> scripts/check-version-snapshots.sh
check-version-snapshots: version-bearing snapshots match workspace version 0.5.1
jarimustonen/taskfleet
release authorization denied: unexpected repository
release authorization denied: repository identity mismatch
release authorization denied: event ref and tag name disagree
release authorization denied: event ref is not a tag
release authorization denied: tag does not match workspace version
release authorization denied: tag does not match workspace version
release authorization denied: release activation verification failed
release authorization denied: live GitHub policy verification failed
release authorization denied: authorization ref is absent
release authorization denied: authorization ref does not identify this release commit
Taskfleet release activation verified
Taskfleet live release rulesets verified
Repository OK — no migrations or fixes needed.
release authorization denied: unexpected repository
release authorization denied: repository identity mismatch
release authorization denied: event ref and tag name disagree
release authorization denied: event ref is not a tag
release authorization denied: tag does not match workspace version
release authorization denied: tag does not match workspace version
release authorization denied: release activation verification failed
release authorization denied: live GitHub policy verification failed
release authorization denied: authorization ref is absent
release authorization denied: authorization ref does not identify this release commit
Taskfleet distribution topology validated
