{
  "schema_version": 1,
  "data": {
    "version": "0.10.1",
    "commit": "3e46568d6969701c5fea82fb134b62aa17121cbe",
    "schema_version": 1,
    "supported_schemas": [
      1
    ],
    "skills": [
      {
        "name": "shipshape-architecture",
        "cli_version": "0.10.1",
        "schema_version": 1
      },
      {
        "name": "shipshape-init",
        "cli_version": "0.10.1",
        "schema_version": 1
      },
      {
        "name": "shipshape-release",
        "cli_version": "0.10.1",
        "schema_version": 1
      },
      {
        "name": "shipshape-ci",
        "cli_version": "0.10.1",
        "schema_version": 1
      },
      {
        "name": "shipshape-security-policy",
        "cli_version": "0.10.1",
        "schema_version": 1
      },
      {
        "name": "shipshape-changelog",
        "cli_version": "0.10.1",
        "schema_version": 1
      },
      {
        "name": "shipshape-readiness",
        "cli_version": "0.10.1",
        "schema_version": 1
      },
      {
        "name": "shipshape-readme",
        "cli_version": "0.10.1",
        "schema_version": 1
      },
      {
        "name": "shipshape-contributing",
        "cli_version": "0.10.1",
        "schema_version": 1
      },
      {
        "name": "shipshape-dist",
        "cli_version": "0.10.1",
        "schema_version": 1
      }
    ]
  },
  "warnings": []
}
{
  "schema_version": 1,
  "data": {
    "schema_version": 2,
    "status": "approved",
    "maturity": "mvp",
    "ecosystems": [
      "rust"
    ],
    "targets": [
      {
        "ecosystem": "rust",
        "package": "taskfleet-core",
        "registry": "crates.io",
        "adapter": "cargo-publish-ci"
      },
      {
        "ecosystem": "rust",
        "package": "taskfleet",
        "registry": "crates.io",
        "adapter": "cargo-publish-ci"
      },
      {
        "ecosystem": "rust",
        "package": "orchestratectl",
        "registry": "crates.io",
        "adapter": "cargo-publish-ci"
      },
      {
        "ecosystem": "rust",
        "package": "taskfleet",
        "registry": "gh-releases",
        "adapter": "cargo-dist"
      },
      {
        "ecosystem": "rust",
        "package": "taskfleet",
        "registry": "homebrew",
        "adapter": "cargo-dist"
      }
    ],
    "distributions": [
      {
        "package": null,
        "adapter": "cargo-dist",
        "gh_releases": true,
        "installers": [
          "shell",
          "homebrew"
        ],
        "homebrew_tap": "jarimustonen/homebrew-taskfleet",
        "platforms": [
          "aarch64-apple-darwin",
          "aarch64-unknown-linux-gnu",
          "x86_64-unknown-linux-gnu"
        ]
      }
    ],
    "versioning": "semver",
    "versioning_pattern": null,
    "changelog": {
      "mode": "curated",
      "source": "issuectl-trailers",
      "fragment_dir": "changelog/fragments"
    },
    "conventional_commits": false,
    "release": {
      "model": "gated",
      "layout": "single",
      "bump_hook": "./scripts/shipshape-bump-hook.sh"
    },
    "contribution_provenance": "none",
    "provenance_level": "keyless",
    "dependency_bot": "dependabot",
    "health_badges": [
      "ci",
      "registry",
      "license"
    ],
    "license": "MIT",
    "docs_site": "none",
    "warnings": []
  },
  "warnings": []
}
{
  "schema_version": 1,
  "data": {
    "valid": true,
    "status": "approved",
    "maturity": "mvp",
    "targets": 5
  },
  "warnings": []
}
{
  "schema_version": 1,
  "data": {
    "repo_root": "/private/tmp/taskfleet-r10-candidate",
    "maturity": "mvp",
    "core_complete": "complete",
    "gaps": [
      {
        "id": "code-of-conduct",
        "category": "canon",
        "severity": "recommended",
        "status": "absent",
        "member": "shipshape-contributing",
        "detail": "no CODE_OF_CONDUCT — mvp+ projects set community expectations"
      },
      {
        "id": "dependency-bot",
        "category": "canon",
        "severity": "recommended",
        "status": "absent",
        "member": "shipshape-ci",
        "detail": "no dependency-update bot (dependabot/renovate) configured — recommended at mvp+"
      }
    ],
    "community_profile": {
      "checked": true,
      "unavailable_reason": null,
      "readme": "present",
      "license": "present",
      "contributing": "present",
      "code_of_conduct": "absent",
      "issue_template": "absent",
      "pull_request_template": "present",
      "security": "absent"
    }
  },
  "warnings": []
}
    Blocking waiting for file lock on package cache
   Packaging taskfleet-core v0.5.1 (/private/tmp/taskfleet-r10-candidate/crates/taskfleet-core)
    Blocking waiting for file lock on package cache
    Updating crates.io index
    Packaged 30 files, 628.1KiB (154.5KiB compressed)
   Packaging taskfleet v0.5.1 (/private/tmp/taskfleet-r10-candidate/crates/taskfleet)
    Updating crates.io index
    Packaged 182 files, 3.1MiB (755.6KiB compressed)
   Packaging orchestratectl v0.5.1 (/private/tmp/taskfleet-r10-candidate/compat/orchestratectl)
    Blocking waiting for file lock on package cache
    Updating crates.io index
    Blocking waiting for file lock on package cache
    Packaged 8 files, 41.6KiB (12.7KiB compressed)
{
  "schema_version": 1,
  "data": {
    "plan_id": "f4e8bd6a3eeca710d53a261e32a83fca1105bcc882227fd5515a30cb9af74a8c",
    "contract_schema_version": 2,
    "head_sha": "23f7fcf6d9de969300dce560538ce1f3a11f2a2a",
    "version": "0.6.0",
    "targets": [
      {
        "ecosystem": "rust",
        "package": "taskfleet-core",
        "registry": "crates.io",
        "adapter": "cargo-publish-ci"
      },
      {
        "ecosystem": "rust",
        "package": "taskfleet",
        "registry": "crates.io",
        "adapter": "cargo-publish-ci"
      },
      {
        "ecosystem": "rust",
        "package": "orchestratectl",
        "registry": "crates.io",
        "adapter": "cargo-publish-ci"
      },
      {
        "ecosystem": "rust",
        "package": "taskfleet",
        "registry": "gh-releases",
        "adapter": "cargo-dist"
      },
      {
        "ecosystem": "rust",
        "package": "taskfleet",
        "registry": "homebrew",
        "adapter": "cargo-dist"
      }
    ],
    "phases": [
      "bump",
      "dry-run-all",
      "build-all",
      "publish-all",
      "tag",
      "dist",
      "verify",
      "advance-branch"
    ],
    "bump": {
      "level": "minor",
      "from_version": "0.5.1",
      "to_version": "0.6.0",
      "pin_rewrites": [
        {
          "in_package": "orchestratectl",
          "dependency": "taskfleet",
          "from": "=0.5.1",
          "to": "=0.6.0"
        },
        {
          "in_package": "taskfleet",
          "dependency": "taskfleet-core",
          "from": "=0.5.1",
          "to": "=0.6.0"
        }
      ],
      "changelog_finalize": true,
      "changelog": {
        "mode": "curated",
        "source": "issuectl-trailers",
        "fragment_dir": "changelog/fragments",
        "issuectl_range": "v0.5.1..23f7fcf6d9de969300dce560538ce1f3a11f2a2a"
      },
      "bump_hook": "./scripts/shipshape-bump-hook.sh"
    },
    "homebrew_tap": "jarimustonen/homebrew-taskfleet",
    "license": "MIT",
    "description": "Core state, locking, and supervisor protocol library for Taskfleet.",
    "homebrew_platforms": [
      "aarch64-apple-darwin",
      "aarch64-unknown-linux-gnu",
      "x86_64-unknown-linux-gnu"
    ]
  },
  "warnings": [
    "cargo-publish-ci delegates crates.io publication for orchestratectl, taskfleet, taskfleet-core to CI, but no tag-triggered Cargo publish workflow was detected under .github/workflows; no directly inspectable Cargo publish path was found in the detected tag-triggered workflows (publish-crates.yml, release.yml). Add an `on: push: tags:` workflow that runs `cargo publish` directly or calls a repository-local reusable publish workflow, then re-plan",
    "this plan owns an engine version bump (0.5.1 → 0.6.0): `release cut` will set the workspace version, rewrite 2 intra-workspace `=`-pin(s), refresh Cargo.lock, finalize the CHANGELOG, run any bump_hook, commit, and tag that bump commit — all in a clean checkout of the sealed commit, before any publish",
    "this bump declares a bump_hook the engine WILL RUN during the release (as `sh -c` in the clean checkout, with the cut's environment) — review it as trusted code: \"./scripts/shipshape-bump-hook.sh\""
  ]
}
